// Jest Snapshot v1, https://goo.gl/fbAQLP

exports[`RodapeComponent deveria renderizar o conteudo baseado nas propriedades src e alt 1`] = `
RodapeComponent {
  "__ngContext__": 2,
  "alt": "Imagem teste",
  "src": "https://example.com/test-image.jpg",
}
`;
